../Core/Src/main.c:110:10:sqrt_my	32	static
../Core/Src/main.c:181:6:adc_processing	16	static
../Core/Src/main.c:222:6:calculation	24	static
../Core/Src/main.c:242:6:freq_calculation	8	static
../Core/Src/main.c:271:5:main	8	static
../Core/Src/main.c:346:6:SystemClock_Config	80	static
../Core/Src/main.c:384:13:MX_ADC_Init	24	static
../Core/Src/main.c:471:13:MX_TIM3_Init	48	static
../Core/Src/main.c:529:13:MX_TIM15_Init	32	static
../Core/Src/main.c:573:13:MX_DMA_Init	16	static
../Core/Src/main.c:590:13:MX_GPIO_Init	56	static
../Core/Src/main.c:623:6:HAL_ADC_ConvCpltCallback	16	static
../Core/Src/main.c:696:1:HAL_TIM_IC_CaptureCallback	16	static
../Core/Src/main.c:746:6:HAL_TIM_PeriodElapsedCallback	16	static
../Core/Src/main.c:759:6:Error_Handler	8	static
