../Core/Src/main.c:119:10:sqrt_my	32	static
../Core/Src/main.c:195:6:adc_processing	16	static
../Core/Src/main.c:250:6:calculation	24	static
../Core/Src/main.c:280:1:freq_filtering_1	16	static
../Core/Src/main.c:312:5:main	8	static
../Core/Src/main.c:388:6:SystemClock_Config	80	static
../Core/Src/main.c:426:13:MX_ADC_Init	24	static
../Core/Src/main.c:513:13:MX_TIM3_Init	48	static
../Core/Src/main.c:577:13:MX_TIM15_Init	32	static
../Core/Src/main.c:621:13:MX_DMA_Init	16	static
../Core/Src/main.c:638:13:MX_GPIO_Init	48	static
../Core/Src/main.c:670:6:HAL_ADC_ConvCpltCallback	16	static
../Core/Src/main.c:703:6:HAL_TIM_IC_CaptureCallback	16	static
../Core/Src/main.c:726:6:Error_Handler	8	static
